// Jest Snapshot v1, https://goo.gl/fbAQLP

exports[`Test positive 1`] = `
<View
  style={
    Object {
      "flex": 1,
      "justifyContent": "center",
    }
  }
>
  <ActivityIndicator
    animating={true}
    color="#2AB2E2"
    hidesWhenStopped={true}
    size={80}
  />
</View>
`;
