// Jest Snapshot v1, https://goo.gl/fbAQLP

exports[`Test positive 1`] = `
<View
  style={
    Object {
      "alignItems": "center",
      "flexDirection": "column",
    }
  }
>
  <Text
    style={
      Object {
        "color": "#2AB2E2",
        "fontFamily": "Roboto-Regular",
        "fontSize": 25,
        "marginTop": 10,
      }
    }
  >
    Connecting
  </Text>
  <Text
    style={
      Object {
        "color": "#888888",
        "fontFamily": "Roboto-Regular",
        "fontSize": 15,
        "marginTop": 40,
        "width": "90%",
      }
    }
  >
    Connect if you want to receive cryptocurrency by phone number, email or twitter.
  </Text>
  <View
    style={
      Object {
        "alignItems": "center",
        "marginTop": 30,
        "width": "100%",
      }
    }
  >
    <View
      accessible={true}
      focusable={true}
      onClick={[Function]}
      onResponderGrant={[Function]}
      onResponderMove={[Function]}
      onResponderRelease={[Function]}
      onResponderTerminate={[Function]}
      onResponderTerminationRequest={[Function]}
      onStartShouldSetResponder={[Function]}
      style={
        Object {
          "alignItems": "center",
          "backgroundColor": "white",
          "borderColor": "black",
          "borderRadius": 10,
          "borderWidth": 0.5,
          "height": 50,
          "justifyContent": "center",
          "opacity": 1,
          "width": "90%",
        }
      }
    >
      <Image
        source={
          Object {
            "testUri": "../../../assets/img/phone.png",
          }
        }
        style={
          Array [
            Object {
              "left": 70,
              "position": "absolute",
            },
            Object {
              "height": 30,
              "width": 30,
            },
          ]
        }
      />
      <Text
        style={
          Object {
            "color": "black",
            "fontFamily": "Roboto-Regular",
            "fontSize": 15,
            "fontStyle": "normal",
            "fontWeight": "normal",
          }
        }
      >
        Connect phone number
      </Text>
    </View>
    <View
      style={
        Object {
          "marginTop": 20,
          "width": "90%",
        }
      }
    >
      <View
        accessible={true}
        focusable={true}
        onClick={[Function]}
        onResponderGrant={[Function]}
        onResponderMove={[Function]}
        onResponderRelease={[Function]}
        onResponderTerminate={[Function]}
        onResponderTerminationRequest={[Function]}
        onStartShouldSetResponder={[Function]}
        style={
          Object {
            "alignItems": "center",
            "backgroundColor": "white",
            "borderColor": "black",
            "borderRadius": 10,
            "borderWidth": 0.5,
            "height": 50,
            "justifyContent": "center",
            "opacity": 1,
            "width": "100%",
          }
        }
      >
        <Image
          source={
            Object {
              "testUri": "../../../assets/img/mail.png",
            }
          }
          style={
            Array [
              Object {
                "left": 70,
                "position": "absolute",
              },
              Object {
                "height": 30,
                "width": 30,
              },
            ]
          }
        />
        <Text
          style={
            Object {
              "color": "black",
              "fontFamily": "Roboto-Regular",
              "fontSize": 15,
              "fontStyle": "normal",
              "fontWeight": "normal",
            }
          }
        >
          Connect email
        </Text>
      </View>
    </View>
  </View>
</View>
`;
