// Jest Snapshot v1, https://goo.gl/fbAQLP

exports[`Test positive 1`] = `
<View
  style={
    Object {
      "alignItems": "center",
      "flex": 1,
      "flexDirection": "column",
      "marginTop": 40,
    }
  }
>
  <Text
    style={
      Object {
        "color": "#2AB2E2",
        "fontFamily": "Roboto-Regular",
        "fontSize": 25,
        "marginTop": 80,
      }
    }
  >
    Import a wallet
  </Text>
  <View
    style={
      Object {
        "alignItems": "center",
        "marginTop": 70,
        "width": "100%",
      }
    }
  >
    <View
      accessible={true}
      focusable={true}
      onClick={[Function]}
      onResponderGrant={[Function]}
      onResponderMove={[Function]}
      onResponderRelease={[Function]}
      onResponderTerminate={[Function]}
      onResponderTerminationRequest={[Function]}
      onStartShouldSetResponder={[Function]}
      style={
        Object {
          "alignItems": "center",
          "backgroundColor": "white",
          "borderColor": "black",
          "borderRadius": 10,
          "borderWidth": 0.5,
          "height": 50,
          "justifyContent": "center",
          "opacity": 1,
          "width": "90%",
        }
      }
    >
      <Text
        allowFontScaling={false}
        style={
          Array [
            Object {
              "color": "#888888",
              "fontSize": 30,
            },
            Object {
              "left": 70,
              "position": "absolute",
            },
            Object {
              "fontFamily": "Material Design Icons",
              "fontStyle": "normal",
              "fontWeight": "normal",
            },
            Object {},
          ]
        }
      >
        󰷖
      </Text>
      <Text
        style={
          Object {
            "color": "black",
            "fontFamily": "Roboto-Regular",
            "fontSize": 15,
            "fontStyle": "normal",
            "fontWeight": "normal",
          }
        }
      >
        Enter seed
      </Text>
    </View>
    <View
      style={
        Object {
          "marginTop": 20,
          "width": "90%",
        }
      }
    >
      <View
        accessible={true}
        focusable={true}
        onClick={[Function]}
        onResponderGrant={[Function]}
        onResponderMove={[Function]}
        onResponderRelease={[Function]}
        onResponderTerminate={[Function]}
        onResponderTerminationRequest={[Function]}
        onStartShouldSetResponder={[Function]}
        style={
          Object {
            "alignItems": "center",
            "backgroundColor": "white",
            "borderColor": "black",
            "borderRadius": 10,
            "borderWidth": 0.5,
            "height": 50,
            "justifyContent": "center",
            "opacity": 1,
            "width": "100%",
          }
        }
      >
        <Text
          allowFontScaling={false}
          style={
            Array [
              Object {
                "color": "#888888",
                "fontSize": 30,
              },
              Object {
                "left": 70,
                "position": "absolute",
              },
              Object {
                "fontFamily": "Material Icons",
                "fontStyle": "normal",
                "fontWeight": "normal",
              },
              Object {},
            ]
          }
        >
          
        </Text>
        <Text
          style={
            Object {
              "color": "black",
              "fontFamily": "Roboto-Regular",
              "fontSize": 15,
              "fontStyle": "normal",
              "fontWeight": "normal",
            }
          }
        >
          From file
        </Text>
      </View>
    </View>
    <View
      style={
        Object {
          "marginTop": 20,
          "width": "90%",
        }
      }
    >
      <View
        accessible={true}
        focusable={true}
        onClick={[Function]}
        onResponderGrant={[Function]}
        onResponderMove={[Function]}
        onResponderRelease={[Function]}
        onResponderTerminate={[Function]}
        onResponderTerminationRequest={[Function]}
        onStartShouldSetResponder={[Function]}
        style={
          Object {
            "alignItems": "center",
            "backgroundColor": "white",
            "borderColor": "black",
            "borderRadius": 10,
            "borderWidth": 0.5,
            "height": 50,
            "justifyContent": "center",
            "opacity": 1,
            "width": "100%",
          }
        }
      >
        <Image
          source={
            Object {
              "testUri": "../../../assets/img/google-drive.png",
            }
          }
          style={
            Array [
              Object {
                "left": 70,
                "position": "absolute",
              },
              Object {
                "height": 30,
                "width": 30,
              },
            ]
          }
        />
        <Text
          style={
            Object {
              "color": "black",
              "fontFamily": "Roboto-Regular",
              "fontSize": 15,
              "fontStyle": "normal",
              "fontWeight": "normal",
            }
          }
        >
          Google drive
        </Text>
      </View>
    </View>
  </View>
</View>
`;
