// Jest Snapshot v1, https://goo.gl/fbAQLP

exports[`Test positive 1`] = `
<View
  style={
    Object {
      "alignItems": "center",
      "flex": 1,
      "flexDirection": "column",
    }
  }
>
  <Text
    style={
      Object {
        "color": "#2AB2E2",
        "fontFamily": "Roboto-Regular",
        "fontSize": 25,
        "marginTop": 80,
      }
    }
  >
    [missing "en.titles.setting_wallet" translation]
  </Text>
  <View
    style={
      Object {
        "alignItems": "center",
        "marginTop": 70,
        "width": "100%",
      }
    }
  >
    <View
      accessible={true}
      focusable={true}
      onClick={[Function]}
      onResponderGrant={[Function]}
      onResponderMove={[Function]}
      onResponderRelease={[Function]}
      onResponderTerminate={[Function]}
      onResponderTerminationRequest={[Function]}
      onStartShouldSetResponder={[Function]}
      style={
        Object {
          "alignItems": "center",
          "backgroundColor": "white",
          "borderColor": "black",
          "borderRadius": 10,
          "borderWidth": 0.5,
          "height": 50,
          "justifyContent": "center",
          "opacity": 1,
          "width": "90%",
        }
      }
    >
      <Text
        style={
          Object {
            "color": "black",
            "fontFamily": "Roboto-Regular",
            "fontSize": 15,
            "fontStyle": "normal",
            "fontWeight": "normal",
          }
        }
      >
        [missing "en.setting_wallet.create" translation]
      </Text>
    </View>
    <View
      style={
        Object {
          "marginTop": 20,
          "width": "90%",
        }
      }
    >
      <View
        accessible={true}
        focusable={true}
        onClick={[Function]}
        onResponderGrant={[Function]}
        onResponderMove={[Function]}
        onResponderRelease={[Function]}
        onResponderTerminate={[Function]}
        onResponderTerminationRequest={[Function]}
        onStartShouldSetResponder={[Function]}
        style={
          Object {
            "alignItems": "center",
            "backgroundColor": "white",
            "borderColor": "black",
            "borderRadius": 10,
            "borderWidth": 0.5,
            "height": 50,
            "justifyContent": "center",
            "opacity": 1,
            "width": "100%",
          }
        }
      >
        <Text
          style={
            Object {
              "color": "black",
              "fontFamily": "Roboto-Regular",
              "fontSize": 15,
              "fontStyle": "normal",
              "fontWeight": "normal",
            }
          }
        >
          [missing "en.setting_wallet.import" translation]
        </Text>
      </View>
    </View>
  </View>
</View>
`;
