// Jest Snapshot v1, https://goo.gl/fbAQLP

exports[`Test chats 1`] = `
<View
  style={
    Object {
      "alignItems": "center",
      "flex": 1,
      "justifyContent": "center",
    }
  }
>
  <RCTScrollView
    ItemSeparatorComponent={[Function]}
    data={
      Array [
        Object {
          "id": "chatId0",
          "lastMsgId": "first",
          "notificationCount": 0,
        },
        Object {
          "id": "chatId1",
          "lastMsgId": "first",
          "notificationCount": 1,
        },
        Object {
          "id": "chatId2",
          "lastMsgId": "first",
          "notificationCount": 2,
        },
        Object {
          "id": "chatId3",
          "lastMsgId": "first",
          "notificationCount": 3,
        },
        Object {
          "id": "chatId4",
          "lastMsgId": "first",
          "notificationCount": 4,
        },
      ]
    }
    getItem={[Function]}
    getItemCount={[Function]}
    keyExtractor={[Function]}
    onContentSizeChange={[Function]}
    onLayout={[Function]}
    onMomentumScrollBegin={[Function]}
    onMomentumScrollEnd={[Function]}
    onScroll={[Function]}
    onScrollBeginDrag={[Function]}
    onScrollEndDrag={[Function]}
    removeClippedSubviews={false}
    renderItem={[Function]}
    scrollEventThrottle={50}
    showsVerticalScrollIndicator={false}
    stickyHeaderIndices={Array []}
    style={
      Object {
        "flex": 1,
        "width": "100%",
      }
    }
    viewabilityConfigCallbackPairs={Array []}
  >
    <View>
      <View
        onLayout={[Function]}
        style={null}
      >
        <View
          accessible={true}
          focusable={true}
          onClick={[Function]}
          onResponderGrant={[Function]}
          onResponderMove={[Function]}
          onResponderRelease={[Function]}
          onResponderTerminate={[Function]}
          onResponderTerminationRequest={[Function]}
          onStartShouldSetResponder={[Function]}
        >
          <View
            style={
              Object {
                "height": 75,
                "width": "100%",
              }
            }
          >
            <View
              style={
                Object {
                  "alignItems": "center",
                  "flex": 1,
                  "flexDirection": "row",
                  "marginLeft": "4%",
                  "marginRight": "3%",
                }
              }
            >
              <Image
                height={55}
                source={
                  Object {
                    "uri": undefined,
                  }
                }
                style={
                  Object {
                    "borderRadius": 30,
                    "height": 55,
                    "width": 55,
                  }
                }
                width={55}
              />
              <View
                style={
                  Object {
                    "flex": 1,
                    "flexDirection": "column",
                    "marginLeft": 10,
                  }
                }
              >
                <View
                  style={
                    Object {
                      "flexDirection": "row",
                      "height": 25,
                    }
                  }
                >
                  <View
                    style={
                      Object {
                        "flex": 10,
                      }
                    }
                  >
                    <Text
                      style={
                        Array [
                          Object {
                            "color": "black",
                            "fontFamily": "Roboto-Bold",
                            "fontSize": 15,
                            "fontStyle": "normal",
                            "fontWeight": "normal",
                          },
                          Object {
                            "textAlign": "left",
                          },
                        ]
                      }
                    >
                      Deleted
                    </Text>
                  </View>
                  <View
                    style={
                      Object {
                        "alignItems": "center",
                        "flex": 2,
                      }
                    }
                  >
                    <Text
                      style={
                        Array [
                          Object {
                            "color": "#888888",
                            "fontFamily": "Roboto-Regular",
                            "fontSize": 12,
                            "fontStyle": "normal",
                          },
                          Object {
                            "textAlign": "center",
                          },
                        ]
                      }
                    >
                      01/01/70
                    </Text>
                  </View>
                </View>
                <View
                  style={
                    Object {
                      "flexDirection": "row",
                      "height": 23,
                    }
                  }
                >
                  <View
                    style={
                      Object {
                        "flex": 10,
                      }
                    }
                  >
                    <Text
                      numberOfLines={1}
                      style={
                        Array [
                          Object {
                            "color": "#888888",
                            "fontFamily": "Roboto-Regular",
                            "fontSize": 14,
                            "fontStyle": "normal",
                            "fontWeight": "normal",
                          },
                          Object {
                            "textAlign": "left",
                          },
                        ]
                      }
                    >
                      hello
                    </Text>
                  </View>
                  <View
                    style={
                      Object {
                        "alignItems": "center",
                        "flex": 2,
                      }
                    }
                  >
                    <View
                      style={
                        Object {
                          "backgroundColor": "#C4C4C4",
                          "borderRadius": 20,
                          "paddingLeft": 8,
                          "paddingRight": 8,
                        }
                      }
                    >
                      <View />
                    </View>
                  </View>
                </View>
              </View>
            </View>
          </View>
        </View>
        <View
          style={
            Object {
              "backgroundColor": "#f5f5f5",
              "height": 1,
              "marginLeft": 80,
              "width": "100%",
            }
          }
        />
      </View>
      <View
        onLayout={[Function]}
        style={null}
      >
        <View
          accessible={true}
          focusable={true}
          onClick={[Function]}
          onResponderGrant={[Function]}
          onResponderMove={[Function]}
          onResponderRelease={[Function]}
          onResponderTerminate={[Function]}
          onResponderTerminationRequest={[Function]}
          onStartShouldSetResponder={[Function]}
        >
          <View
            style={
              Object {
                "height": 75,
                "width": "100%",
              }
            }
          >
            <View
              style={
                Object {
                  "alignItems": "center",
                  "flex": 1,
                  "flexDirection": "row",
                  "marginLeft": "4%",
                  "marginRight": "3%",
                }
              }
            >
              <Image
                source={
                  Object {
                    "testUri": "../../../assets/img/dot.png",
                  }
                }
                style={
                  Object {
                    "borderColor": "black",
                    "borderRadius": 27.5,
                    "borderWidth": 0.8,
                    "height": 55,
                    "overflow": "hidden",
                    "width": 55,
                  }
                }
              />
              <View
                style={
                  Object {
                    "flex": 1,
                    "flexDirection": "column",
                    "marginLeft": 10,
                  }
                }
              >
                <View
                  style={
                    Object {
                      "flexDirection": "row",
                      "height": 25,
                    }
                  }
                >
                  <View
                    style={
                      Object {
                        "flex": 10,
                      }
                    }
                  >
                    <Text
                      style={
                        Array [
                          Object {
                            "color": "black",
                            "fontFamily": "Roboto-Bold",
                            "fontSize": 15,
                            "fontStyle": "normal",
                            "fontWeight": "normal",
                          },
                          Object {
                            "textAlign": "left",
                          },
                        ]
                      }
                    >
                      address#1
                    </Text>
                  </View>
                  <View
                    style={
                      Object {
                        "alignItems": "center",
                        "flex": 2,
                      }
                    }
                  >
                    <Text
                      style={
                        Array [
                          Object {
                            "color": "#888888",
                            "fontFamily": "Roboto-Regular",
                            "fontSize": 12,
                            "fontStyle": "normal",
                          },
                          Object {
                            "textAlign": "center",
                          },
                        ]
                      }
                    >
                      01/01/70
                    </Text>
                  </View>
                </View>
                <View
                  style={
                    Object {
                      "flexDirection": "row",
                      "height": 23,
                    }
                  }
                >
                  <View
                    style={
                      Object {
                        "flex": 10,
                      }
                    }
                  >
                    <Text
                      numberOfLines={1}
                      style={
                        Array [
                          Object {
                            "color": "#888888",
                            "fontFamily": "Roboto-Regular",
                            "fontSize": 14,
                            "fontStyle": "normal",
                            "fontWeight": "normal",
                          },
                          Object {
                            "textAlign": "left",
                          },
                        ]
                      }
                    >
                      hello
                    </Text>
                  </View>
                  <View
                    style={
                      Object {
                        "alignItems": "center",
                        "flex": 2,
                      }
                    }
                  >
                    <View
                      style={
                        Object {
                          "backgroundColor": "#C4C4C4",
                          "borderRadius": 20,
                          "paddingLeft": 8,
                          "paddingRight": 8,
                        }
                      }
                    >
                      <Text
                        style={
                          Array [
                            Object {
                              "color": "white",
                              "fontFamily": "Roboto-Regular",
                              "fontSize": 12,
                              "fontStyle": "normal",
                            },
                          ]
                        }
                      >
                        1
                      </Text>
                    </View>
                  </View>
                </View>
              </View>
            </View>
          </View>
        </View>
        <View
          style={
            Object {
              "backgroundColor": "#f5f5f5",
              "height": 1,
              "marginLeft": 80,
              "width": "100%",
            }
          }
        />
      </View>
      <View
        onLayout={[Function]}
        style={null}
      >
        <View
          accessible={true}
          focusable={true}
          onClick={[Function]}
          onResponderGrant={[Function]}
          onResponderMove={[Function]}
          onResponderRelease={[Function]}
          onResponderTerminate={[Function]}
          onResponderTerminationRequest={[Function]}
          onStartShouldSetResponder={[Function]}
        >
          <View
            style={
              Object {
                "height": 75,
                "width": "100%",
              }
            }
          >
            <View
              style={
                Object {
                  "alignItems": "center",
                  "flex": 1,
                  "flexDirection": "row",
                  "marginLeft": "4%",
                  "marginRight": "3%",
                }
              }
            >
              <Image
                source={
                  Object {
                    "testUri": "../../../assets/img/dot.png",
                  }
                }
                style={
                  Object {
                    "borderColor": "black",
                    "borderRadius": 27.5,
                    "borderWidth": 0.8,
                    "height": 55,
                    "overflow": "hidden",
                    "width": 55,
                  }
                }
              />
              <View
                style={
                  Object {
                    "flex": 1,
                    "flexDirection": "column",
                    "marginLeft": 10,
                  }
                }
              >
                <View
                  style={
                    Object {
                      "flexDirection": "row",
                      "height": 25,
                    }
                  }
                >
                  <View
                    style={
                      Object {
                        "flex": 10,
                      }
                    }
                  >
                    <Text
                      style={
                        Array [
                          Object {
                            "color": "black",
                            "fontFamily": "Roboto-Bold",
                            "fontSize": 15,
                            "fontStyle": "normal",
                            "fontWeight": "normal",
                          },
                          Object {
                            "textAlign": "left",
                          },
                        ]
                      }
                    >
                      address#2
                    </Text>
                  </View>
                  <View
                    style={
                      Object {
                        "alignItems": "center",
                        "flex": 2,
                      }
                    }
                  >
                    <Text
                      style={
                        Array [
                          Object {
                            "color": "#888888",
                            "fontFamily": "Roboto-Regular",
                            "fontSize": 12,
                            "fontStyle": "normal",
                          },
                          Object {
                            "textAlign": "center",
                          },
                        ]
                      }
                    >
                      01/01/70
                    </Text>
                  </View>
                </View>
                <View
                  style={
                    Object {
                      "flexDirection": "row",
                      "height": 23,
                    }
                  }
                >
                  <View
                    style={
                      Object {
                        "flex": 10,
                      }
                    }
                  >
                    <Text
                      numberOfLines={1}
                      style={
                        Array [
                          Object {
                            "color": "#888888",
                            "fontFamily": "Roboto-Regular",
                            "fontSize": 14,
                            "fontStyle": "normal",
                            "fontWeight": "normal",
                          },
                          Object {
                            "textAlign": "left",
                          },
                        ]
                      }
                    >
                      hello
                    </Text>
                  </View>
                  <View
                    style={
                      Object {
                        "alignItems": "center",
                        "flex": 2,
                      }
                    }
                  >
                    <View
                      style={
                        Object {
                          "backgroundColor": "#C4C4C4",
                          "borderRadius": 20,
                          "paddingLeft": 8,
                          "paddingRight": 8,
                        }
                      }
                    >
                      <Text
                        style={
                          Array [
                            Object {
                              "color": "white",
                              "fontFamily": "Roboto-Regular",
                              "fontSize": 12,
                              "fontStyle": "normal",
                            },
                          ]
                        }
                      >
                        2
                      </Text>
                    </View>
                  </View>
                </View>
              </View>
            </View>
          </View>
        </View>
        <View
          style={
            Object {
              "backgroundColor": "#f5f5f5",
              "height": 1,
              "marginLeft": 80,
              "width": "100%",
            }
          }
        />
      </View>
      <View
        onLayout={[Function]}
        style={null}
      >
        <View
          accessible={true}
          focusable={true}
          onClick={[Function]}
          onResponderGrant={[Function]}
          onResponderMove={[Function]}
          onResponderRelease={[Function]}
          onResponderTerminate={[Function]}
          onResponderTerminationRequest={[Function]}
          onStartShouldSetResponder={[Function]}
        >
          <View
            style={
              Object {
                "height": 75,
                "width": "100%",
              }
            }
          >
            <View
              style={
                Object {
                  "alignItems": "center",
                  "flex": 1,
                  "flexDirection": "row",
                  "marginLeft": "4%",
                  "marginRight": "3%",
                }
              }
            >
              <Image
                source={
                  Object {
                    "testUri": "../../../assets/img/dot.png",
                  }
                }
                style={
                  Object {
                    "borderColor": "black",
                    "borderRadius": 27.5,
                    "borderWidth": 0.8,
                    "height": 55,
                    "overflow": "hidden",
                    "width": 55,
                  }
                }
              />
              <View
                style={
                  Object {
                    "flex": 1,
                    "flexDirection": "column",
                    "marginLeft": 10,
                  }
                }
              >
                <View
                  style={
                    Object {
                      "flexDirection": "row",
                      "height": 25,
                    }
                  }
                >
                  <View
                    style={
                      Object {
                        "flex": 10,
                      }
                    }
                  >
                    <Text
                      style={
                        Array [
                          Object {
                            "color": "black",
                            "fontFamily": "Roboto-Bold",
                            "fontSize": 15,
                            "fontStyle": "normal",
                            "fontWeight": "normal",
                          },
                          Object {
                            "textAlign": "left",
                          },
                        ]
                      }
                    >
                      address#3
                    </Text>
                  </View>
                  <View
                    style={
                      Object {
                        "alignItems": "center",
                        "flex": 2,
                      }
                    }
                  >
                    <Text
                      style={
                        Array [
                          Object {
                            "color": "#888888",
                            "fontFamily": "Roboto-Regular",
                            "fontSize": 12,
                            "fontStyle": "normal",
                          },
                          Object {
                            "textAlign": "center",
                          },
                        ]
                      }
                    >
                      01/01/70
                    </Text>
                  </View>
                </View>
                <View
                  style={
                    Object {
                      "flexDirection": "row",
                      "height": 23,
                    }
                  }
                >
                  <View
                    style={
                      Object {
                        "flex": 10,
                      }
                    }
                  >
                    <Text
                      numberOfLines={1}
                      style={
                        Array [
                          Object {
                            "color": "#888888",
                            "fontFamily": "Roboto-Regular",
                            "fontSize": 14,
                            "fontStyle": "normal",
                            "fontWeight": "normal",
                          },
                          Object {
                            "textAlign": "left",
                          },
                        ]
                      }
                    >
                      hello
                    </Text>
                  </View>
                  <View
                    style={
                      Object {
                        "alignItems": "center",
                        "flex": 2,
                      }
                    }
                  >
                    <View
                      style={
                        Object {
                          "backgroundColor": "#C4C4C4",
                          "borderRadius": 20,
                          "paddingLeft": 8,
                          "paddingRight": 8,
                        }
                      }
                    >
                      <Text
                        style={
                          Array [
                            Object {
                              "color": "white",
                              "fontFamily": "Roboto-Regular",
                              "fontSize": 12,
                              "fontStyle": "normal",
                            },
                          ]
                        }
                      >
                        3
                      </Text>
                    </View>
                  </View>
                </View>
              </View>
            </View>
          </View>
        </View>
        <View
          style={
            Object {
              "backgroundColor": "#f5f5f5",
              "height": 1,
              "marginLeft": 80,
              "width": "100%",
            }
          }
        />
      </View>
      <View
        onLayout={[Function]}
        style={null}
      >
        <View
          accessible={true}
          focusable={true}
          onClick={[Function]}
          onResponderGrant={[Function]}
          onResponderMove={[Function]}
          onResponderRelease={[Function]}
          onResponderTerminate={[Function]}
          onResponderTerminationRequest={[Function]}
          onStartShouldSetResponder={[Function]}
        >
          <View
            style={
              Object {
                "height": 75,
                "width": "100%",
              }
            }
          >
            <View
              style={
                Object {
                  "alignItems": "center",
                  "flex": 1,
                  "flexDirection": "row",
                  "marginLeft": "4%",
                  "marginRight": "3%",
                }
              }
            >
              <Image
                source={
                  Object {
                    "testUri": "../../../assets/img/dot.png",
                  }
                }
                style={
                  Object {
                    "borderColor": "black",
                    "borderRadius": 27.5,
                    "borderWidth": 0.8,
                    "height": 55,
                    "overflow": "hidden",
                    "width": 55,
                  }
                }
              />
              <View
                style={
                  Object {
                    "flex": 1,
                    "flexDirection": "column",
                    "marginLeft": 10,
                  }
                }
              >
                <View
                  style={
                    Object {
                      "flexDirection": "row",
                      "height": 25,
                    }
                  }
                >
                  <View
                    style={
                      Object {
                        "flex": 10,
                      }
                    }
                  >
                    <Text
                      style={
                        Array [
                          Object {
                            "color": "black",
                            "fontFamily": "Roboto-Bold",
                            "fontSize": 15,
                            "fontStyle": "normal",
                            "fontWeight": "normal",
                          },
                          Object {
                            "textAlign": "left",
                          },
                        ]
                      }
                    >
                      address#4
                    </Text>
                  </View>
                  <View
                    style={
                      Object {
                        "alignItems": "center",
                        "flex": 2,
                      }
                    }
                  >
                    <Text
                      style={
                        Array [
                          Object {
                            "color": "#888888",
                            "fontFamily": "Roboto-Regular",
                            "fontSize": 12,
                            "fontStyle": "normal",
                          },
                          Object {
                            "textAlign": "center",
                          },
                        ]
                      }
                    >
                      01/01/70
                    </Text>
                  </View>
                </View>
                <View
                  style={
                    Object {
                      "flexDirection": "row",
                      "height": 23,
                    }
                  }
                >
                  <View
                    style={
                      Object {
                        "flex": 10,
                      }
                    }
                  >
                    <Text
                      numberOfLines={1}
                      style={
                        Array [
                          Object {
                            "color": "#888888",
                            "fontFamily": "Roboto-Regular",
                            "fontSize": 14,
                            "fontStyle": "normal",
                            "fontWeight": "normal",
                          },
                          Object {
                            "textAlign": "left",
                          },
                        ]
                      }
                    >
                      hello
                    </Text>
                  </View>
                  <View
                    style={
                      Object {
                        "alignItems": "center",
                        "flex": 2,
                      }
                    }
                  >
                    <View
                      style={
                        Object {
                          "backgroundColor": "#C4C4C4",
                          "borderRadius": 20,
                          "paddingLeft": 8,
                          "paddingRight": 8,
                        }
                      }
                    >
                      <Text
                        style={
                          Array [
                            Object {
                              "color": "white",
                              "fontFamily": "Roboto-Regular",
                              "fontSize": 12,
                              "fontStyle": "normal",
                            },
                          ]
                        }
                      >
                        4
                      </Text>
                    </View>
                  </View>
                </View>
              </View>
            </View>
          </View>
        </View>
      </View>
    </View>
  </RCTScrollView>
</View>
`;
