// Jest Snapshot v1, https://goo.gl/fbAQLP

exports[`Test view 1`] = `
<View
  style={
    Object {
      "alignItems": "center",
      "justifyContent": "center",
    }
  }
>
  <View
    style={
      Object {
        "borderBottomWidth": 1,
        "borderColor": "#CCCCCC",
        "marginTop": 20,
        "width": "85%",
      }
    }
  >
    <View
      style={
        Object {
          "alignContent": "center",
          "flexDirection": "row",
          "marginTop": 0,
        }
      }
    >
      <TextInput
        autoCompleteType="email"
        keyboardType="email-address"
        onChangeText={[Function]}
        placeholder="edit.email"
        placeholderTextColor="#BFBDBD"
        secureTextEntry={false}
        style={
          Array [
            Object {
              "color": "black",
              "fontFamily": "Roboto-Regular",
              "fontSize": 16,
              "fontStyle": "normal",
              "fontWeight": "normal",
            },
            Object {
              "width": "100%",
            },
          ]
        }
        textContentType="emailAddress"
        value=""
      />
    </View>
  </View>
</View>
`;
