// Jest Snapshot v1, https://goo.gl/fbAQLP

exports[`Test view 1`] = `
<View
  style={
    Object {
      "alignItems": "center",
      "justifyContent": "center",
    }
  }
>
  <View
    style={
      Array [
        Object {
          "borderBottomWidth": 1,
          "marginTop": 20,
          "width": "85%",
        },
        Object {
          "borderColor": "#CCCCCC",
        },
      ]
    }
  >
    <View
      style={
        Object {
          "alignContent": "center",
          "flexDirection": "row",
          "marginTop": 0,
        }
      }
    >
      <Text
        style={
          Array [
            Object {
              "color": "black",
              "fontFamily": "Roboto-Regular",
              "fontSize": 16,
              "fontStyle": "normal",
              "fontWeight": "normal",
            },
            Object {
              "alignSelf": "center",
              "marginBottom": 5,
            },
          ]
        }
      >
        @
      </Text>
      <TextInput
        autoCompleteType="username"
        keyboardType="default"
        onChangeText={[Function]}
        placeholder="edit.username"
        placeholderTextColor="#BFBDBD"
        secureTextEntry={false}
        style={
          Array [
            Object {
              "color": "black",
              "fontFamily": "Roboto-Regular",
              "fontSize": 16,
              "fontStyle": "normal",
              "fontWeight": "normal",
            },
            Object {
              "width": "100%",
            },
          ]
        }
        textContentType="username"
        value="username"
      />
    </View>
  </View>
</View>
`;
