// Jest Snapshot v1, https://goo.gl/fbAQLP

exports[`Test loading 1`] = `
<View
  style={
    Object {
      "alignItems": "center",
      "flex": 1,
      "flexDirection": "column",
    }
  }
>
  <Text
    style={
      Object {
        "color": "#2AB2E2",
        "fontFamily": "Roboto-Regular",
        "fontSize": 25,
        "marginTop": 80,
      }
    }
  >
    wallet_file_import.title
  </Text>
  <Text
    style={
      Object {
        "color": "#888888",
        "fontFamily": "Roboto-Regular",
        "fontSize": 15,
        "marginTop": 40,
        "textAlign": "center",
        "width": "90%",
      }
    }
  >
    wallet_file_import.description
  </Text>
  <View
    style={
      Object {
        "marginTop": 30,
        "width": "90%",
      }
    }
  >
    <TextInput
      autoCompleteType="password"
      defaultValue=""
      onChangeText={[Function]}
      placeholder="wallet_file_import.password_placeholder"
      placeholderTextColor="#BFBDBD"
      secureTextEntry={true}
      style={
        Array [
          Object {
            "borderBottomWidth": 1,
            "borderColor": "#CCCCCC",
            "color": "black",
            "fontFamily": "Roboto-Regular",
            "fontSize": 15,
            "fontStyle": "normal",
            "fontWeight": "normal",
            "height": 40,
          },
          Object {
            "width": "100%",
          },
        ]
      }
      textContentType="newPassword"
    />
  </View>
  <View
    style={
      Object {
        "bottom": 40,
        "position": "absolute",
        "width": "80%",
      }
    }
  >
    <View
      accessibilityState={
        Object {
          "disabled": false,
        }
      }
      accessible={true}
      collapsable={false}
      focusable={true}
      nativeID="animatedComponent"
      onClick={[Function]}
      onResponderGrant={[Function]}
      onResponderMove={[Function]}
      onResponderRelease={[Function]}
      onResponderTerminate={[Function]}
      onResponderTerminationRequest={[Function]}
      onStartShouldSetResponder={[Function]}
      style={
        Object {
          "alignItems": "center",
          "backgroundColor": "#2AB2E2",
          "borderRadius": 10,
          "height": 50,
          "justifyContent": "center",
          "opacity": 1,
          "width": "100%",
        }
      }
    >
      <Text
        style={
          Object {
            "color": "white",
            "fontFamily": "Roboto-Regular",
            "fontSize": 15,
            "fontStyle": "normal",
            "fontWeight": "normal",
          }
        }
      >
        restore_btn
      </Text>
    </View>
  </View>
</View>
`;

exports[`Test positive 1`] = `
<View
  style={
    Object {
      "alignItems": "center",
      "flex": 1,
      "flexDirection": "column",
    }
  }
>
  <Text
    style={
      Object {
        "color": "#2AB2E2",
        "fontFamily": "Roboto-Regular",
        "fontSize": 25,
        "marginTop": 80,
      }
    }
  >
    wallet_file_import.title
  </Text>
  <Text
    style={
      Object {
        "color": "#888888",
        "fontFamily": "Roboto-Regular",
        "fontSize": 15,
        "marginTop": 40,
        "textAlign": "center",
        "width": "90%",
      }
    }
  >
    wallet_file_import.description
  </Text>
  <View
    style={
      Object {
        "marginTop": 30,
        "width": "90%",
      }
    }
  >
    <TextInput
      autoCompleteType="password"
      defaultValue=""
      onChangeText={[Function]}
      placeholder="wallet_file_import.password_placeholder"
      placeholderTextColor="#BFBDBD"
      secureTextEntry={true}
      style={
        Array [
          Object {
            "borderBottomWidth": 1,
            "borderColor": "#CCCCCC",
            "color": "black",
            "fontFamily": "Roboto-Regular",
            "fontSize": 15,
            "fontStyle": "normal",
            "fontWeight": "normal",
            "height": 40,
          },
          Object {
            "width": "100%",
          },
        ]
      }
      textContentType="newPassword"
    />
  </View>
  <View
    style={
      Object {
        "bottom": 40,
        "position": "absolute",
        "width": "80%",
      }
    }
  >
    <View
      accessibilityState={
        Object {
          "disabled": false,
        }
      }
      accessible={true}
      collapsable={false}
      focusable={true}
      nativeID="animatedComponent"
      onClick={[Function]}
      onResponderGrant={[Function]}
      onResponderMove={[Function]}
      onResponderRelease={[Function]}
      onResponderTerminate={[Function]}
      onResponderTerminationRequest={[Function]}
      onStartShouldSetResponder={[Function]}
      style={
        Object {
          "alignItems": "center",
          "backgroundColor": "#2AB2E2",
          "borderRadius": 10,
          "height": 50,
          "justifyContent": "center",
          "opacity": 1,
          "width": "100%",
        }
      }
    >
      <Text
        style={
          Object {
            "color": "white",
            "fontFamily": "Roboto-Regular",
            "fontSize": 15,
            "fontStyle": "normal",
            "fontWeight": "normal",
          }
        }
      >
        restore_btn
      </Text>
    </View>
  </View>
</View>
`;
